com\empresa\miproyecto\exception\GlobalExceptionHandler.class
com\empresa\miproyecto\model\Customization.class
com\empresa\miproyecto\service\CustomizationService.class
com\empresa\miproyecto\exception\ValidationException.class
com\empresa\miproyecto\repository\CustomizationRepository.class
com\empresa\miproyecto\service\CartService.class
com\empresa\miproyecto\service\impl\RepairServiceImpl.class
com\empresa\miproyecto\repository\RepairRepository.class
com\empresa\miproyecto\service\UserService.class
com\empresa\miproyecto\model\Product.class
com\empresa\miproyecto\model\dto\OrderItemDTO.class
com\empresa\miproyecto\model\Order$OrderStatus.class
com\empresa\miproyecto\controller\OrderController.class
com\empresa\miproyecto\service\ProductService.class
com\empresa\miproyecto\repository\CartItemRepository.class
com\empresa\miproyecto\service\impl\CustomizationServiceImpl.class
com\empresa\miproyecto\service\impl\UserServiceImpl.class
com\empresa\miproyecto\service\impl\FavoriteServiceImpl.class
com\empresa\miproyecto\model\dto\CategoryDTO.class
com\empresa\miproyecto\controller\RepairController.class
com\empresa\miproyecto\repository\OrderItemRepository.class
com\empresa\miproyecto\model\CartItem.class
com\empresa\miproyecto\service\RepairService.class
com\empresa\miproyecto\repository\CategoryRepository.class
com\empresa\miproyecto\service\impl\RoleServiceImpl.class
com\empresa\miproyecto\service\RoleService.class
com\empresa\miproyecto\controller\HomeController.class
com\empresa\miproyecto\util\Validaciones.class
com\empresa\miproyecto\repository\OrderRepository.class
com\empresa\miproyecto\MiProyectoApplication.class
com\empresa\miproyecto\model\Role.class
com\empresa\miproyecto\model\Category.class
com\empresa\miproyecto\model\User.class
com\empresa\miproyecto\service\ReportService.class
com\empresa\miproyecto\controller\CustomizationController.class
com\empresa\miproyecto\exception\ResourceNotFoundException.class
com\empresa\miproyecto\controller\FavoriteController.class
com\empresa\miproyecto\service\impl\CartServiceImpl.class
com\empresa\miproyecto\service\impl\CategoryServiceImpl.class
com\empresa\miproyecto\model\dto\UserDTO.class
com\empresa\miproyecto\repository\UserRepository.class
com\empresa\miproyecto\service\OrderService.class
com\empresa\miproyecto\model\Order.class
com\empresa\miproyecto\service\CategoryService.class
com\empresa\miproyecto\config\SecurityConfig.class
com\empresa\miproyecto\config\WebConfig.class
com\empresa\miproyecto\model\dto\CartItemDTO.class
com\empresa\miproyecto\model\Repair.class
com\empresa\miproyecto\exception\InsufficientStockException.class
com\empresa\miproyecto\exception\BadRequestException.class
com\empresa\miproyecto\exception\UnauthorizedException.class
com\empresa\miproyecto\model\dto\CustomizationDTO.class
com\empresa\miproyecto\service\impl\OrderServiceImpl.class
com\empresa\miproyecto\service\impl\ReportServiceImpl.class
com\empresa\miproyecto\repository\RoleRepository.class
com\empresa\miproyecto\controller\CartController.class
com\empresa\miproyecto\model\dto\OrderDTO.class
com\empresa\miproyecto\controller\ProductController.class
com\empresa\miproyecto\controller\RoleController.class
com\empresa\miproyecto\model\OrderItem.class
com\empresa\miproyecto\model\dto\ProductDTO.class
com\empresa\miproyecto\model\Favorite.class
com\empresa\miproyecto\repository\ProductRepository.class
com\empresa\miproyecto\repository\FavoriteRepository.class
com\empresa\miproyecto\service\FavoriteService.class
com\empresa\miproyecto\controller\AuthController.class
com\empresa\miproyecto\model\dto\RepairDTO.class
com\empresa\miproyecto\model\Repair$RepairStatus.class
com\empresa\miproyecto\controller\ReportController.class
com\empresa\miproyecto\service\impl\ProductServiceImpl.class
com\empresa\miproyecto\model\Order$PaymentMethod.class
