C:\Users\Michi\Downloads\java.anjos\mi-proyecto-spring\src\main\java\com\empresa\miproyecto\model\Product.java
C:\Users\Michi\Downloads\java.anjos\mi-proyecto-spring\src\main\java\com\empresa\miproyecto\service\impl\OrderServiceImpl.java
C:\Users\Michi\Downloads\java.anjos\mi-proyecto-spring\src\main\java\com\empresa\miproyecto\util\Validaciones.java
C:\Users\Michi\Downloads\java.anjos\mi-proyecto-spring\src\main\java\com\empresa\miproyecto\MiProyectoApplication.java
C:\Users\Michi\Downloads\java.anjos\mi-proyecto-spring\src\main\java\com\empresa\miproyecto\service\RepairService.java
C:\Users\Michi\Downloads\java.anjos\mi-proyecto-spring\src\main\java\com\empresa\miproyecto\controller\AuthController.java
C:\Users\Michi\Downloads\java.anjos\mi-proyecto-spring\src\main\java\com\empresa\miproyecto\config\AuthenticationSuccessHandler.java
C:\Users\Michi\Downloads\java.anjos\mi-proyecto-spring\src\main\java\com\empresa\miproyecto\service\FavoriteService.java
C:\Users\Michi\Downloads\java.anjos\mi-proyecto-spring\src\main\java\com\empresa\miproyecto\model\dto\CategoryDTO.java
C:\Users\Michi\Downloads\java.anjos\mi-proyecto-spring\src\main\java\com\empresa\miproyecto\controller\ProductController.java
C:\Users\Michi\Downloads\java.anjos\mi-proyecto-spring\src\main\java\com\empresa\miproyecto\model\dto\OrderDTO.java
C:\Users\Michi\Downloads\java.anjos\mi-proyecto-spring\src\main\java\com\empresa\miproyecto\controller\ReportController.java
C:\Users\Michi\Downloads\java.anjos\mi-proyecto-spring\src\main\java\com\empresa\miproyecto\service\impl\ReportServiceImpl.java
C:\Users\Michi\Downloads\java.anjos\mi-proyecto-spring\src\main\java\com\empresa\miproyecto\service\ReportService.java
C:\Users\Michi\Downloads\java.anjos\mi-proyecto-spring\src\main\java\com\empresa\miproyecto\controller\CartController.java
C:\Users\Michi\Downloads\java.anjos\mi-proyecto-spring\src\main\java\com\empresa\miproyecto\util\SecurityUtils.java
C:\Users\Michi\Downloads\java.anjos\mi-proyecto-spring\src\main\java\com\empresa\miproyecto\repository\CustomizationRepository.java
C:\Users\Michi\Downloads\java.anjos\mi-proyecto-spring\src\main\java\com\empresa\miproyecto\exception\InsufficientStockException.java
C:\Users\Michi\Downloads\java.anjos\mi-proyecto-spring\src\main\java\com\empresa\miproyecto\exception\ResourceNotFoundException.java
C:\Users\Michi\Downloads\java.anjos\mi-proyecto-spring\src\main\java\com\empresa\miproyecto\service\OrderService.java
C:\Users\Michi\Downloads\java.anjos\mi-proyecto-spring\src\main\java\com\empresa\miproyecto\model\User.java
C:\Users\Michi\Downloads\java.anjos\mi-proyecto-spring\src\main\java\com\empresa\miproyecto\service\CustomizationService.java
C:\Users\Michi\Downloads\java.anjos\mi-proyecto-spring\src\main\java\com\empresa\miproyecto\model\Category.java
C:\Users\Michi\Downloads\java.anjos\mi-proyecto-spring\src\main\java\com\empresa\miproyecto\service\impl\RoleServiceImpl.java
C:\Users\Michi\Downloads\java.anjos\mi-proyecto-spring\src\main\java\com\empresa\miproyecto\service\impl\CategoryServiceImpl.java
C:\Users\Michi\Downloads\java.anjos\mi-proyecto-spring\src\main\java\com\empresa\miproyecto\service\impl\FavoriteServiceImpl.java
C:\Users\Michi\Downloads\java.anjos\mi-proyecto-spring\src\main\java\com\empresa\miproyecto\model\dto\CartItemDTO.java
C:\Users\Michi\Downloads\java.anjos\mi-proyecto-spring\src\main\java\com\empresa\miproyecto\service\impl\UserServiceImpl.java
C:\Users\Michi\Downloads\java.anjos\mi-proyecto-spring\src\main\java\com\empresa\miproyecto\model\dto\UserDTO.java
C:\Users\Michi\Downloads\java.anjos\mi-proyecto-spring\src\main\java\com\empresa\miproyecto\service\impl\CustomizationServiceImpl.java
C:\Users\Michi\Downloads\java.anjos\mi-proyecto-spring\src\main\java\com\empresa\miproyecto\controller\OrderController.java
C:\Users\Michi\Downloads\java.anjos\mi-proyecto-spring\src\main\java\com\empresa\miproyecto\config\SecurityConfig.java
C:\Users\Michi\Downloads\java.anjos\mi-proyecto-spring\src\main\java\com\empresa\miproyecto\config\WebConfig.java
C:\Users\Michi\Downloads\java.anjos\mi-proyecto-spring\src\main\java\com\empresa\miproyecto\model\Role.java
C:\Users\Michi\Downloads\java.anjos\mi-proyecto-spring\src\main\java\com\empresa\miproyecto\service\impl\ProductServiceImpl.java
C:\Users\Michi\Downloads\java.anjos\mi-proyecto-spring\src\main\java\com\empresa\miproyecto\model\Order.java
C:\Users\Michi\Downloads\java.anjos\mi-proyecto-spring\src\main\java\com\empresa\miproyecto\model\dto\CustomizationDTO.java
C:\Users\Michi\Downloads\java.anjos\mi-proyecto-spring\src\main\java\com\empresa\miproyecto\model\CartItem.java
C:\Users\Michi\Downloads\java.anjos\mi-proyecto-spring\src\main\java\com\empresa\miproyecto\model\dto\RepairDTO.java
C:\Users\Michi\Downloads\java.anjos\mi-proyecto-spring\src\main\java\com\empresa\miproyecto\exception\BadRequestException.java
C:\Users\Michi\Downloads\java.anjos\mi-proyecto-spring\src\main\java\com\empresa\miproyecto\model\Customization.java
C:\Users\Michi\Downloads\java.anjos\mi-proyecto-spring\src\main\java\com\empresa\miproyecto\repository\CartItemRepository.java
C:\Users\Michi\Downloads\java.anjos\mi-proyecto-spring\src\main\java\com\empresa\miproyecto\repository\RepairRepository.java
C:\Users\Michi\Downloads\java.anjos\mi-proyecto-spring\src\main\java\com\empresa\miproyecto\service\CategoryService.java
C:\Users\Michi\Downloads\java.anjos\mi-proyecto-spring\src\main\java\com\empresa\miproyecto\controller\DashboardController.java
C:\Users\Michi\Downloads\java.anjos\mi-proyecto-spring\src\main\java\com\empresa\miproyecto\model\Favorite.java
C:\Users\Michi\Downloads\java.anjos\mi-proyecto-spring\src\main\java\com\empresa\miproyecto\model\dto\OrderItemDTO.java
C:\Users\Michi\Downloads\java.anjos\mi-proyecto-spring\src\main\java\com\empresa\miproyecto\exception\UnauthorizedException.java
C:\Users\Michi\Downloads\java.anjos\mi-proyecto-spring\src\main\java\com\empresa\miproyecto\controller\UserController.java
C:\Users\Michi\Downloads\java.anjos\mi-proyecto-spring\src\main\java\com\empresa\miproyecto\model\Repair.java
C:\Users\Michi\Downloads\java.anjos\mi-proyecto-spring\src\main\java\com\empresa\miproyecto\repository\RoleRepository.java
C:\Users\Michi\Downloads\java.anjos\mi-proyecto-spring\src\main\java\com\empresa\miproyecto\service\impl\RepairServiceImpl.java
C:\Users\Michi\Downloads\java.anjos\mi-proyecto-spring\src\main\java\com\empresa\miproyecto\controller\CategoryController.java
C:\Users\Michi\Downloads\java.anjos\mi-proyecto-spring\src\main\java\com\empresa\miproyecto\controller\RepairController.java
C:\Users\Michi\Downloads\java.anjos\mi-proyecto-spring\src\main\java\com\empresa\miproyecto\repository\UserRepository.java
C:\Users\Michi\Downloads\java.anjos\mi-proyecto-spring\src\main\java\com\empresa\miproyecto\model\dto\ProductDTO.java
C:\Users\Michi\Downloads\java.anjos\mi-proyecto-spring\src\main\java\com\empresa\miproyecto\util\PdfExportUtil.java
C:\Users\Michi\Downloads\java.anjos\mi-proyecto-spring\src\main\java\com\empresa\miproyecto\repository\CategoryRepository.java
C:\Users\Michi\Downloads\java.anjos\mi-proyecto-spring\src\main\java\com\empresa\miproyecto\repository\OrderItemRepository.java
C:\Users\Michi\Downloads\java.anjos\mi-proyecto-spring\src\main\java\com\empresa\miproyecto\service\RoleService.java
C:\Users\Michi\Downloads\java.anjos\mi-proyecto-spring\src\main\java\com\empresa\miproyecto\repository\OrderRepository.java
C:\Users\Michi\Downloads\java.anjos\mi-proyecto-spring\src\main\java\com\empresa\miproyecto\controller\HomeController.java
C:\Users\Michi\Downloads\java.anjos\mi-proyecto-spring\src\main\java\com\empresa\miproyecto\service\CartService.java
C:\Users\Michi\Downloads\java.anjos\mi-proyecto-spring\src\main\java\com\empresa\miproyecto\controller\CustomizationController.java
C:\Users\Michi\Downloads\java.anjos\mi-proyecto-spring\src\main\java\com\empresa\miproyecto\service\impl\CartServiceImpl.java
C:\Users\Michi\Downloads\java.anjos\mi-proyecto-spring\src\main\java\com\empresa\miproyecto\model\OrderItem.java
C:\Users\Michi\Downloads\java.anjos\mi-proyecto-spring\src\main\java\com\empresa\miproyecto\service\UserService.java
C:\Users\Michi\Downloads\java.anjos\mi-proyecto-spring\src\main\java\com\empresa\miproyecto\exception\GlobalExceptionHandler.java
C:\Users\Michi\Downloads\java.anjos\mi-proyecto-spring\src\main\java\com\empresa\miproyecto\repository\FavoriteRepository.java
C:\Users\Michi\Downloads\java.anjos\mi-proyecto-spring\src\main\java\com\empresa\miproyecto\controller\RoleController.java
C:\Users\Michi\Downloads\java.anjos\mi-proyecto-spring\src\main\java\com\empresa\miproyecto\exception\ValidationException.java
C:\Users\Michi\Downloads\java.anjos\mi-proyecto-spring\src\main\java\com\empresa\miproyecto\repository\ProductRepository.java
C:\Users\Michi\Downloads\java.anjos\mi-proyecto-spring\src\main\java\com\empresa\miproyecto\service\ProductService.java
C:\Users\Michi\Downloads\java.anjos\mi-proyecto-spring\src\main\java\com\empresa\miproyecto\controller\FavoriteController.java
